// Jest Snapshot v1, https://goo.gl/fbAQLP

exports[`React Data Export unit test should render GridColumn 1`] = `null`;
